Γû▓ Next.js 16.2.1 (Turbopack)
- Environments: .env.local, .env

  Creating an optimized production build ...
/*! ≡ƒî╝ daisyUI 5.5.19 */
Γ£ô Compiled successfully in 19.5s
  Running TypeScript ...
  Finished TypeScript in 29.7s ...
  Collecting page data using 7 workers ...
  Generating static pages using 7 workers (0/61) ...
  Generating static pages using 7 workers (15/61) 
  Generating static pages using 7 workers (30/61) 
  Generating static pages using 7 workers (45/61) 
Γ£ô Generating static pages using 7 workers (61/61) in 1762ms
  Finalizing page optimization ...

Route (app)
Γöî ╞Æ /
Γö£ ╞Æ /_not-found
Γö£ ╞Æ /about
Γö£ ╞Æ /admin/categories
Γö£ ╞Æ /admin/companies
Γö£ ╞Æ /admin/dashboard
Γö£ ╞Æ /admin/moderation
Γö£ ╞Æ /admin/orders
Γö£ ╞Æ /admin/orders/[id]
Γö£ ╞Æ /admin/system
Γö£ ╞Æ /api/admin/moderation/company-review/[reviewId]
Γö£ ╞Æ /api/admin/moderation/product-comment/[commentId]
Γö£ ╞Æ /api/admin/moderation/product-review/[reviewId]
Γö£ ╞Æ /api/admin/orders/[id]/acknowledge-proofs
Γö£ ╞Æ /api/admin/orders/[id]/approve-bank
Γö£ ╞Æ /api/admin/orders/[id]/complete
Γö£ ╞Æ /api/admin/orders/[id]/confirm-gateway-payment
Γö£ ╞Æ /api/admin/orders/[id]/supplier-commission
Γö£ ╞Æ /api/admin/orders/[id]/supplier-payout
Γö£ ╞Æ /api/admin/system
Γö£ ╞Æ /api/auth/bootstrap-admin
Γö£ ╞Æ /api/auth/change-password
Γö£ ╞Æ /api/auth/forgot-password
Γö£ ╞Æ /api/auth/login
Γö£ ╞Æ /api/auth/logout
Γö£ ╞Æ /api/auth/me
Γö£ ╞Æ /api/auth/register
Γö£ ╞Æ /api/auth/resend-verification
Γö£ ╞Æ /api/auth/reset-password
Γö£ ╞Æ /api/auth/verify-email
Γö£ ╞Æ /api/cart
Γö£ ╞Æ /api/categories
Γö£ ╞Æ /api/categories/[id]
Γö£ ╞Æ /api/checkout
Γö£ ╞Æ /api/companies
Γö£ ╞Æ /api/companies/[id]
Γö£ ╞Æ /api/health
Γö£ ╞Æ /api/health/db
Γö£ ╞Æ /api/health/email
Γö£ ╞Æ /api/notifications
Γö£ ╞Æ /api/orders
Γö£ ╞Æ /api/orders/[id]
Γö£ ╞Æ /api/orders/[id]/bank-proof
Γö£ ╞Æ /api/orders/[id]/chat-image
Γö£ ╞Æ /api/orders/[id]/commission-to-platform
Γö£ ╞Æ /api/orders/[id]/confirm-supplier-payment-received
Γö£ ╞Æ /api/orders/[id]/messages
Γö£ ╞Æ /api/orders/[id]/payment
Γö£ ╞Æ /api/orders/[id]/supplier-commission-to-platform
Γö£ ╞Æ /api/platform-banks
Γö£ ╞Æ /api/presence
Γö£ ╞Æ /api/products
Γö£ ╞Æ /api/products/[id]
Γö£ ╞Æ /api/products/[id]/comments
Γö£ ╞Æ /api/products/[id]/comments/[commentId]/like
Γö£ ╞Æ /api/reviews/company
Γö£ ╞Æ /api/reviews/product
Γö£ ╞Æ /api/search
Γö£ ╞Æ /api/support-chat
Γö£ ╞Æ /api/uploads/[...path]
Γö£ ╞Æ /api/webhooks/chapa
Γö£ ╞Æ /api/webhooks/stripe
Γö£ ╞Æ /browse
Γö£ ╞Æ /change-password
Γö£ ╞Æ /companies
Γö£ ╞Æ /companies/[id]
Γö£ ╞Æ /faq
Γö£ ╞Æ /forgot-password
Γö£ ╞Æ /login
Γö£ ╞Æ /merchant/cart
Γö£ ╞Æ /merchant/dashboard
Γö£ ╞Æ /merchant/orders
Γö£ ╞Æ /merchant/orders/[id]
Γö£ ╞Æ /notifications
Γö£ ╞Æ /privacy
Γö£ ╞Æ /products/[id]
Γö£ ╞Æ /register
Γö£ ╞Æ /reset-password
Γö£ ╞Æ /search
Γö£ ╞Æ /supplier/companies
Γö£ ╞Æ /supplier/dashboard
Γö£ ╞Æ /supplier/orders
Γö£ ╞Æ /supplier/orders/[id]
Γö£ ╞Æ /supplier/products
Γö£ ╞Æ /supplier/products/[id]/edit
Γö£ ╞Æ /supplier/products/new
Γö£ ╞Æ /terms
Γöö ╞Æ /verify-email


╞Æ Proxy (Middleware)

╞Æ  (Dynamic)  server-rendered on demand

node.exe : npm notice
At C:\Program Files\nod
ejs\npx.ps1:29 char:3
+   & $NODE_EXE 
$NPX_CLI_JS $args
+   ~~~~~~~~~~~~~~~~~~~
~~~~~~~~~~
    + CategoryInfo     
         : NotSpecifi  
  ed: (npm notice:St   
 ring) [], RemoteEx    
ception
    + FullyQualifiedEr 
   rorId : NativeComm  
  andError
 
npm notice New major 
version of npm 
available! 10.9.0 -> 
11.12.1
npm notice Changelog: h
ttps://github.com/npm/c
li/releases/tag/v11.12.
1
npm notice To update 
run: npm install -g 
npm@11.12.1
npm notice
